src/components/app-profiles-form.tsx(11,35): error TS2307: Cannot find module '@/services/aplicacion.service' or its corresponding type declarations.
src/components/app-profiles-form.tsx(12,36): error TS2307: Cannot find module '@/services/tipoPermiso.service' or its corresponding type declarations.
src/components/app-profiles-form.tsx(13,36): error TS2307: Cannot find module '@/services/tipoUsuario.service' or its corresponding type declarations.
src/components/app-profiles-form.tsx(16,33): error TS2307: Cannot find module '@/services/permisos.service' or its corresponding type declarations.
